[2m00:53:09[22m [31m[1m[vite][22m[39m [31mInternal server error: Invalid end tag.[39m
  Plugin: [35mvite:vue[39m
  File: [36mD:/Program/footballforecastsystem-master/frontend/src/views/Matches.vue[39m:673:1
[33m  671|  }
  672|  </style>
  673|  </style>
     |   ^
  674|  [39m
      at createCompilerError (D:\Program\footballforecastsystem-master\frontend\node_modules\@vue\compiler-core\dist\compiler-core.cjs.js:1378:17)
      at emitError (D:\Program\footballforecastsystem-master\frontend\node_modules\@vue\compiler-core\dist\compiler-core.cjs.js:3014:5)
      at Object.onclosetag (D:\Program\footballforecastsystem-master\frontend\node_modules\@vue\compiler-core\dist\compiler-core.cjs.js:2391:9)
      at Tokenizer.stateInClosingTagName (D:\Program\footballforecastsystem-master\frontend\node_modules\@vue\compiler-core\dist\compiler-core.cjs.js:799:16)
      at Tokenizer.parse (D:\Program\footballforecastsystem-master\frontend\node_modules\@vue\compiler-core\dist\compiler-core.cjs.js:1157:16)
      at Object.baseParse (D:\Program\footballforecastsystem-master\frontend\node_modules\@vue\compiler-core\dist\compiler-core.cjs.js:3053:13)
      at Object.parse (D:\Program\footballforecastsystem-master\frontend\node_modules\@vue\compiler-dom\dist\compiler-dom.cjs.js:910:23)
      at Object.parse$1 [as parse] (D:\Program\footballforecastsystem-master\frontend\node_modules\@vue\compiler-sfc\dist\compiler-sfc.cjs.js:1824:24)
      at createDescriptor (file:///D:/Program/footballforecastsystem-master/frontend/node_modules/@vitejs/plugin-vue/dist/index.mjs:71:43)
      at handleHotUpdate (file:///D:/Program/footballforecastsystem-master/frontend/node_modules/@vitejs/plugin-vue/dist/index.mjs:2198:26)
[2m00:53:12[22m [31m[1m[vite][22m[39m [31mInternal server error: Invalid end tag.[39m
  Plugin: [35mvite:vue[39m
  File: [36mD:/Program/footballforecastsystem-master/frontend/src/components/MatchCard.vue[39m:277:1
[33m  275|  }
  276|  </style>
  277|  </style>
     |   ^
  278|  [39m
      at createCompilerError (D:\Program\footballforecastsystem-master\frontend\node_modules\@vue\compiler-core\dist\compiler-core.cjs.js:1378:17)
      at emitError (D:\Program\footballforecastsystem-master\frontend\node_modules\@vue\compiler-core\dist\compiler-core.cjs.js:3014:5)
      at Object.onclosetag (D:\Program\footballforecastsystem-master\frontend\node_modules\@vue\compiler-core\dist\compiler-core.cjs.js:2391:9)
      at Tokenizer.stateInClosingTagName (D:\Program\footballforecastsystem-master\frontend\node_modules\@vue\compiler-core\dist\compiler-core.cjs.js:799:16)
      at Tokenizer.parse (D:\Program\footballforecastsystem-master\frontend\node_modules\@vue\compiler-core\dist\compiler-core.cjs.js:1157:16)
      at Object.baseParse (D:\Program\footballforecastsystem-master\frontend\node_modules\@vue\compiler-core\dist\compiler-core.cjs.js:3053:13)
      at Object.parse (D:\Program\footballforecastsystem-master\frontend\node_modules\@vue\compiler-dom\dist\compiler-dom.cjs.js:910:23)
      at Object.parse$1 [as parse] (D:\Program\footballforecastsystem-master\frontend\node_modules\@vue\compiler-sfc\dist\compiler-sfc.cjs.js:1824:24)
      at createDescriptor (file:///D:/Program/footballforecastsystem-master/frontend/node_modules/@vitejs/plugin-vue/dist/index.mjs:71:43)
      at handleHotUpdate (file:///D:/Program/footballforecastsystem-master/frontend/node_modules/@vitejs/plugin-vue/dist/index.mjs:2198:26)
[2m00:53:19[22m [31m[1m[vite][22m[39m [31mInternal server error: Invalid end tag.[39m
  Plugin: [35mvite:vue[39m
  File: [36mD:/Program/footballforecastsystem-master/frontend/src/views/Matches.vue[39m:673:1
[33m  671|  }
  672|  </style>
  673|  </style>
     |   ^
  674|  [39m
      at createCompilerError (D:\Program\footballforecastsystem-master\frontend\node_modules\@vue\compiler-core\dist\compiler-core.cjs.js:1378:17)
      at emitError (D:\Program\footballforecastsystem-master\frontend\node_modules\@vue\compiler-core\dist\compiler-core.cjs.js:3014:5)
      at Object.onclosetag (D:\Program\footballforecastsystem-master\frontend\node_modules\@vue\compiler-core\dist\compiler-core.cjs.js:2391:9)
      at Tokenizer.stateInClosingTagName (D:\Program\footballforecastsystem-master\frontend\node_modules\@vue\compiler-core\dist\compiler-core.cjs.js:799:16)
      at Tokenizer.parse (D:\Program\footballforecastsystem-master\frontend\node_modules\@vue\compiler-core\dist\compiler-core.cjs.js:1157:16)
      at Object.baseParse (D:\Program\footballforecastsystem-master\frontend\node_modules\@vue\compiler-core\dist\compiler-core.cjs.js:3053:13)
      at Object.parse (D:\Program\footballforecastsystem-master\frontend\node_modules\@vue\compiler-dom\dist\compiler-dom.cjs.js:910:23)
      at Object.parse$1 [as parse] (D:\Program\footballforecastsystem-master\frontend\node_modules\@vue\compiler-sfc\dist\compiler-sfc.cjs.js:1824:24)
      at createDescriptor (file:///D:/Program/footballforecastsystem-master/frontend/node_modules/@vitejs/plugin-vue/dist/index.mjs:71:43)
      at handleHotUpdate (file:///D:/Program/footballforecastsystem-master/frontend/node_modules/@vitejs/plugin-vue/dist/index.mjs:2198:26)
[2m00:53:29[22m [31m[1m[vite][22m[39m [31mInternal server error: Invalid end tag.[39m
  Plugin: [35mvite:vue[39m
  File: [36mD:/Program/footballforecastsystem-master/frontend/src/views/Matches.vue[39m:673:1
[33m  671|  }
  672|  </style>
  673|  </style>
     |   ^
  674|  [39m
      at createCompilerError (D:\Program\footballforecastsystem-master\frontend\node_modules\@vue\compiler-core\dist\compiler-core.cjs.js:1378:17)
      at emitError (D:\Program\footballforecastsystem-master\frontend\node_modules\@vue\compiler-core\dist\compiler-core.cjs.js:3014:5)
      at Object.onclosetag (D:\Program\footballforecastsystem-master\frontend\node_modules\@vue\compiler-core\dist\compiler-core.cjs.js:2391:9)
      at Tokenizer.stateInClosingTagName (D:\Program\footballforecastsystem-master\frontend\node_modules\@vue\compiler-core\dist\compiler-core.cjs.js:799:16)
      at Tokenizer.parse (D:\Program\footballforecastsystem-master\frontend\node_modules\@vue\compiler-core\dist\compiler-core.cjs.js:1157:16)
      at Object.baseParse (D:\Program\footballforecastsystem-master\frontend\node_modules\@vue\compiler-core\dist\compiler-core.cjs.js:3053:13)
      at Object.parse (D:\Program\footballforecastsystem-master\frontend\node_modules\@vue\compiler-dom\dist\compiler-dom.cjs.js:910:23)
      at Object.parse$1 [as parse] (D:\Program\footballforecastsystem-master\frontend\node_modules\@vue\compiler-sfc\dist\compiler-sfc.cjs.js:1824:24)
      at createDescriptor (file:///D:/Program/footballforecastsystem-master/frontend/node_modules/@vitejs/plugin-vue/dist/index.mjs:71:43)
      at handleHotUpdate (file:///D:/Program/footballforecastsystem-master/frontend/node_modules/@vitejs/plugin-vue/dist/index.mjs:2198:26)
[2m01:11:38[22m [31m[1m[vite][22m[39m [31mInternal server error: Invalid end tag.[39m
      at createCompilerError (D:\Program\footballforecastsystem-master\frontend\node_modules\@vue\compiler-core\dist\compiler-core.cjs.js:1378:17)
      at emitError (D:\Program\footballforecastsystem-master\frontend\node_modules\@vue\compiler-core\dist\compiler-core.cjs.js:3014:5)
      at Object.onclosetag (D:\Program\footballforecastsystem-master\frontend\node_modules\@vue\compiler-core\dist\compiler-core.cjs.js:2391:9)
      at Tokenizer.stateInClosingTagName (D:\Program\footballforecastsystem-master\frontend\node_modules\@vue\compiler-core\dist\compiler-core.cjs.js:799:16)
      at Tokenizer.parse (D:\Program\footballforecastsystem-master\frontend\node_modules\@vue\compiler-core\dist\compiler-core.cjs.js:1157:16)
      at Object.baseParse (D:\Program\footballforecastsystem-master\frontend\node_modules\@vue\compiler-core\dist\compiler-core.cjs.js:3053:13)
      at Object.parse (D:\Program\footballforecastsystem-master\frontend\node_modules\@vue\compiler-dom\dist\compiler-dom.cjs.js:910:23)
      at Object.parse$1 [as parse] (D:\Program\footballforecastsystem-master\frontend\node_modules\@vue\compiler-sfc\dist\compiler-sfc.cjs.js:1824:24)
      at createDescriptor (file:///D:/Program/footballforecastsystem-master/frontend/node_modules/@vitejs/plugin-vue/dist/index.mjs:71:43)
      at handleHotUpdate (file:///D:/Program/footballforecastsystem-master/frontend/node_modules/@vitejs/plugin-vue/dist/index.mjs:2198:26)
[2m01:11:38[22m [31m[1m[vite][22m[39m [31mInternal server error: Invalid end tag.[39m
  Plugin: [35mvite:vue[39m
  File: [36mD:/Program/footballforecastsystem-master/frontend/src/components/layout/AppTopNav.vue[39m:251:1
[33m  249|  }
  250|  </style>
  251|  </style>
     |   ^
  252|  [39m
      at createCompilerError (D:\Program\footballforecastsystem-master\frontend\node_modules\@vue\compiler-core\dist\compiler-core.cjs.js:1378:17)
      at emitError (D:\Program\footballforecastsystem-master\frontend\node_modules\@vue\compiler-core\dist\compiler-core.cjs.js:3014:5)
      at Object.onclosetag (D:\Program\footballforecastsystem-master\frontend\node_modules\@vue\compiler-core\dist\compiler-core.cjs.js:2391:9)
      at Tokenizer.stateInClosingTagName (D:\Program\footballforecastsystem-master\frontend\node_modules\@vue\compiler-core\dist\compiler-core.cjs.js:799:16)
      at Tokenizer.parse (D:\Program\footballforecastsystem-master\frontend\node_modules\@vue\compiler-core\dist\compiler-core.cjs.js:1157:16)
      at Object.baseParse (D:\Program\footballforecastsystem-master\frontend\node_modules\@vue\compiler-core\dist\compiler-core.cjs.js:3053:13)
      at Object.parse (D:\Program\footballforecastsystem-master\frontend\node_modules\@vue\compiler-dom\dist\compiler-dom.cjs.js:910:23)
      at Object.parse$1 [as parse] (D:\Program\footballforecastsystem-master\frontend\node_modules\@vue\compiler-sfc\dist\compiler-sfc.cjs.js:1824:24)
      at createDescriptor (file:///D:/Program/footballforecastsystem-master/frontend/node_modules/@vitejs/plugin-vue/dist/index.mjs:71:43)
      at handleHotUpdate (file:///D:/Program/footballforecastsystem-master/frontend/node_modules/@vitejs/plugin-vue/dist/index.mjs:2198:26)
[2m01:11:41[22m [31m[1m[vite][22m[39m [31mInternal server error: Invalid end tag.[39m
  Plugin: [35mvite:vue[39m
  File: [36mD:/Program/footballforecastsystem-master/frontend/src/components/layout/AppTopNav.vue[39m:251:1
[33m  249|  }
  250|  </style>
  251|  </style>
     |   ^
  252|  [39m
      at createCompilerError (D:\Program\footballforecastsystem-master\frontend\node_modules\@vue\compiler-core\dist\compiler-core.cjs.js:1378:17)
      at emitError (D:\Program\footballforecastsystem-master\frontend\node_modules\@vue\compiler-core\dist\compiler-core.cjs.js:3014:5)
      at Object.onclosetag (D:\Program\footballforecastsystem-master\frontend\node_modules\@vue\compiler-core\dist\compiler-core.cjs.js:2391:9)
      at Tokenizer.stateInClosingTagName (D:\Program\footballforecastsystem-master\frontend\node_modules\@vue\compiler-core\dist\compiler-core.cjs.js:799:16)
      at Tokenizer.parse (D:\Program\footballforecastsystem-master\frontend\node_modules\@vue\compiler-core\dist\compiler-core.cjs.js:1157:16)
      at Object.baseParse (D:\Program\footballforecastsystem-master\frontend\node_modules\@vue\compiler-core\dist\compiler-core.cjs.js:3053:13)
      at Object.parse (D:\Program\footballforecastsystem-master\frontend\node_modules\@vue\compiler-dom\dist\compiler-dom.cjs.js:910:23)
      at Object.parse$1 [as parse] (D:\Program\footballforecastsystem-master\frontend\node_modules\@vue\compiler-sfc\dist\compiler-sfc.cjs.js:1824:24)
      at createDescriptor (file:///D:/Program/footballforecastsystem-master/frontend/node_modules/@vitejs/plugin-vue/dist/index.mjs:71:43)
      at handleHotUpdate (file:///D:/Program/footballforecastsystem-master/frontend/node_modules/@vitejs/plugin-vue/dist/index.mjs:2198:26)
[2m01:11:58[22m [31m[1m[vite][22m[39m [31mInternal server error: Invalid end tag.[39m
      at createCompilerError (D:\Program\footballforecastsystem-master\frontend\node_modules\@vue\compiler-core\dist\compiler-core.cjs.js:1378:17)
      at emitError (D:\Program\footballforecastsystem-master\frontend\node_modules\@vue\compiler-core\dist\compiler-core.cjs.js:3014:5)
      at Object.onclosetag (D:\Program\footballforecastsystem-master\frontend\node_modules\@vue\compiler-core\dist\compiler-core.cjs.js:2391:9)
      at Tokenizer.stateInClosingTagName (D:\Program\footballforecastsystem-master\frontend\node_modules\@vue\compiler-core\dist\compiler-core.cjs.js:799:16)
      at Tokenizer.parse (D:\Program\footballforecastsystem-master\frontend\node_modules\@vue\compiler-core\dist\compiler-core.cjs.js:1157:16)
      at Object.baseParse (D:\Program\footballforecastsystem-master\frontend\node_modules\@vue\compiler-core\dist\compiler-core.cjs.js:3053:13)
      at Object.parse (D:\Program\footballforecastsystem-master\frontend\node_modules\@vue\compiler-dom\dist\compiler-dom.cjs.js:910:23)
      at Object.parse$1 [as parse] (D:\Program\footballforecastsystem-master\frontend\node_modules\@vue\compiler-sfc\dist\compiler-sfc.cjs.js:1824:24)
      at createDescriptor (file:///D:/Program/footballforecastsystem-master/frontend/node_modules/@vitejs/plugin-vue/dist/index.mjs:71:43)
      at handleHotUpdate (file:///D:/Program/footballforecastsystem-master/frontend/node_modules/@vitejs/plugin-vue/dist/index.mjs:2198:26)
[2m01:11:58[22m [31m[1m[vite][22m[39m [31mInternal server error: Invalid end tag.[39m
  Plugin: [35mvite:vue[39m
  File: [36mD:/Program/footballforecastsystem-master/frontend/src/components/MatchCard.vue[39m:282:1
[33m  280|  }
  281|  </style>
  282|  </style>
     |   ^
  283|  [39m
      at createCompilerError (D:\Program\footballforecastsystem-master\frontend\node_modules\@vue\compiler-core\dist\compiler-core.cjs.js:1378:17)
      at emitError (D:\Program\footballforecastsystem-master\frontend\node_modules\@vue\compiler-core\dist\compiler-core.cjs.js:3014:5)
      at Object.onclosetag (D:\Program\footballforecastsystem-master\frontend\node_modules\@vue\compiler-core\dist\compiler-core.cjs.js:2391:9)
      at Tokenizer.stateInClosingTagName (D:\Program\footballforecastsystem-master\frontend\node_modules\@vue\compiler-core\dist\compiler-core.cjs.js:799:16)
      at Tokenizer.parse (D:\Program\footballforecastsystem-master\frontend\node_modules\@vue\compiler-core\dist\compiler-core.cjs.js:1157:16)
      at Object.baseParse (D:\Program\footballforecastsystem-master\frontend\node_modules\@vue\compiler-core\dist\compiler-core.cjs.js:3053:13)
      at Object.parse (D:\Program\footballforecastsystem-master\frontend\node_modules\@vue\compiler-dom\dist\compiler-dom.cjs.js:910:23)
      at Object.parse$1 [as parse] (D:\Program\footballforecastsystem-master\frontend\node_modules\@vue\compiler-sfc\dist\compiler-sfc.cjs.js:1824:24)
      at createDescriptor (file:///D:/Program/footballforecastsystem-master/frontend/node_modules/@vitejs/plugin-vue/dist/index.mjs:71:43)
      at handleHotUpdate (file:///D:/Program/footballforecastsystem-master/frontend/node_modules/@vitejs/plugin-vue/dist/index.mjs:2198:26)
[2m01:12:23[22m [31m[1m[vite][22m[39m [31mInternal server error: Invalid end tag.[39m
      at createCompilerError (D:\Program\footballforecastsystem-master\frontend\node_modules\@vue\compiler-core\dist\compiler-core.cjs.js:1378:17)
      at emitError (D:\Program\footballforecastsystem-master\frontend\node_modules\@vue\compiler-core\dist\compiler-core.cjs.js:3014:5)
      at Object.onclosetag (D:\Program\footballforecastsystem-master\frontend\node_modules\@vue\compiler-core\dist\compiler-core.cjs.js:2391:9)
      at Tokenizer.stateInClosingTagName (D:\Program\footballforecastsystem-master\frontend\node_modules\@vue\compiler-core\dist\compiler-core.cjs.js:799:16)
      at Tokenizer.parse (D:\Program\footballforecastsystem-master\frontend\node_modules\@vue\compiler-core\dist\compiler-core.cjs.js:1157:16)
      at Object.baseParse (D:\Program\footballforecastsystem-master\frontend\node_modules\@vue\compiler-core\dist\compiler-core.cjs.js:3053:13)
      at Object.parse (D:\Program\footballforecastsystem-master\frontend\node_modules\@vue\compiler-dom\dist\compiler-dom.cjs.js:910:23)
      at Object.parse$1 [as parse] (D:\Program\footballforecastsystem-master\frontend\node_modules\@vue\compiler-sfc\dist\compiler-sfc.cjs.js:1824:24)
      at createDescriptor (file:///D:/Program/footballforecastsystem-master/frontend/node_modules/@vitejs/plugin-vue/dist/index.mjs:71:43)
      at handleHotUpdate (file:///D:/Program/footballforecastsystem-master/frontend/node_modules/@vitejs/plugin-vue/dist/index.mjs:2198:26)
[2m01:12:23[22m [31m[1m[vite][22m[39m [31mInternal server error: Invalid end tag.[39m
  Plugin: [35mvite:vue[39m
  File: [36mD:/Program/footballforecastsystem-master/frontend/src/views/Matches.vue[39m:715:1
[33m  713|  }
  714|  </style>
  715|  </style>
     |   ^
  716|  [39m
      at createCompilerError (D:\Program\footballforecastsystem-master\frontend\node_modules\@vue\compiler-core\dist\compiler-core.cjs.js:1378:17)
      at emitError (D:\Program\footballforecastsystem-master\frontend\node_modules\@vue\compiler-core\dist\compiler-core.cjs.js:3014:5)
      at Object.onclosetag (D:\Program\footballforecastsystem-master\frontend\node_modules\@vue\compiler-core\dist\compiler-core.cjs.js:2391:9)
      at Tokenizer.stateInClosingTagName (D:\Program\footballforecastsystem-master\frontend\node_modules\@vue\compiler-core\dist\compiler-core.cjs.js:799:16)
      at Tokenizer.parse (D:\Program\footballforecastsystem-master\frontend\node_modules\@vue\compiler-core\dist\compiler-core.cjs.js:1157:16)
      at Object.baseParse (D:\Program\footballforecastsystem-master\frontend\node_modules\@vue\compiler-core\dist\compiler-core.cjs.js:3053:13)
      at Object.parse (D:\Program\footballforecastsystem-master\frontend\node_modules\@vue\compiler-dom\dist\compiler-dom.cjs.js:910:23)
      at Object.parse$1 [as parse] (D:\Program\footballforecastsystem-master\frontend\node_modules\@vue\compiler-sfc\dist\compiler-sfc.cjs.js:1824:24)
      at createDescriptor (file:///D:/Program/footballforecastsystem-master/frontend/node_modules/@vitejs/plugin-vue/dist/index.mjs:71:43)
      at handleHotUpdate (file:///D:/Program/footballforecastsystem-master/frontend/node_modules/@vitejs/plugin-vue/dist/index.mjs:2198:26)
[2m02:11:50[22m [31m[1m[vite][22m[39m Pre-transform error: [postcss] D:/Program/footballforecastsystem-master/frontend/src/views/AdminDashboard.vue?vue&type=style&index=0&scoped=996bf7cb&lang.css:44:36: Unknown word rgba
[2m02:12:39[22m [31m[1m[vite][22m[39m [31mInternal server error: [postcss] D:/Program/footballforecastsystem-master/frontend/src/views/AdminDashboard.vue?vue&type=style&index=0&scoped=996bf7cb&lang.css:44:36: Unknown word rgba[39m
  Plugin: [35mvite:css[39m
  File: [36mD:/Program/footballforecastsystem-master/frontend/src/views/AdminDashboard.vue?vue&type=style&index=0&scoped=996bf7cb&lang.css[39m:466:35
[33m  42 |    color: var(--ff-text-strong);
  43 |    border: 1px solid var(--ff-border);
  44 |    box-shadow: var(--ff-shadow-lg); rgba(0, 0, 0, .45);
     |                                     ^
  45 |  }
  46 |  .dashboard-hero::before {[39m
      at Input.error (D:\Program\footballforecastsystem-master\frontend\node_modules\postcss\lib\input.js:135:16)
      at Parser.unknownWord (D:\Program\footballforecastsystem-master\frontend\node_modules\postcss\lib\parser.js:602:22)
      at Parser.other (D:\Program\footballforecastsystem-master\frontend\node_modules\postcss\lib\parser.js:444:12)
      at Parser.parse (D:\Program\footballforecastsystem-master\frontend\node_modules\postcss\lib\parser.js:479:16)
      at parse (D:\Program\footballforecastsystem-master\frontend\node_modules\postcss\lib\parse.js:11:12)
      at new LazyResult (D:\Program\footballforecastsystem-master\frontend\node_modules\postcss\lib\lazy-result.js:165:16)
      at Processor.process (D:\Program\footballforecastsystem-master\frontend\node_modules\postcss\lib\processor.js:53:14)
      at compileCSS (file:///D:/Program/footballforecastsystem-master/frontend/node_modules/vite/dist/node/chunks/dep-BK3b2jBa.js:36898:59)
      at process.processTicksAndRejections (node:internal/process/task_queues:104:5)
      at async TransformPluginContext.transform (file:///D:/Program/footballforecastsystem-master/frontend/node_modules/vite/dist/node/chunks/dep-BK3b2jBa.js:36171:11)
